[2026-09-05T18:56:59Z] resuming: n_records=35000 cursor=20260905125759|2065632847
[2026-09-05T18:57:00Z]   fetched 500 edits in 1.27s continue=20260905125106|2065631093
[2026-09-05T18:57:02Z]   fetched 500 edits in 1.28s continue=20260905124445|2065629219
[2026-09-05T18:57:04Z]   fetched 500 edits in 1.32s continue=20260905123625|2065627501
[2026-09-05T18:57:06Z]   fetched 500 edits in 1.22s continue=20260905122619|2065626058
[2026-09-05T18:57:08Z]   fetched 500 edits in 1.20s continue=20260905121652|2065624677
[2026-09-05T18:57:10Z]   fetched 500 edits in 1.25s continue=20260905120731|2065622861
[2026-09-05T18:57:12Z]   fetched 500 edits in 1.27s continue=20260905115646|2065620714
[2026-09-05T18:57:14Z]   fetched 500 edits in 1.28s continue=20260905114637|2065618893
[2026-09-05T18:57:16Z]   fetched 500 edits in 0.59s continue=20260905113627|2065616635
[2026-09-05T18:57:18Z]   fetched 500 edits in 1.24s continue=20260905112754|2065615107
[2026-09-05T18:57:20Z]   fetched 500 edits in 1.01s continue=20260905111843|2065613077
[2026-09-05T18:57:22Z]   429 rate-limited; honoring Retry-After=39s [1/80]
[2026-09-05T18:58:02Z]   fetched 500 edits in 1.22s continue=20260905110759|2065611291
[2026-09-05T18:58:03Z]   fetched 500 edits in 1.18s continue=20260905110036|2065609868
[2026-09-05T18:58:05Z]   fetched 500 edits in 1.25s continue=20260905105022|2065608332
[2026-09-05T18:58:07Z]   fetched 500 edits in 1.18s continue=20260905103841|2065606509
[2026-09-05T18:58:09Z]   fetched 500 edits in 1.28s continue=20260905102618|2065604182
[2026-09-05T18:58:11Z]   fetched 500 edits in 1.23s continue=20260905101237|2065602006
[2026-09-05T18:58:13Z]   fetched 500 edits in 1.27s continue=20260905100052|2065600437
[2026-09-05T18:58:15Z]   fetched 500 edits in 1.25s continue=20260905095216|2065598975
[2026-09-05T18:58:17Z]   fetched 500 edits in 1.21s continue=20260905094152|2065597118
[2026-09-05T18:58:19Z]   fetched 500 edits in 0.85s continue=20260905093247|2065595843
[2026-09-05T18:58:20Z]   429 rate-limited; honoring Retry-After=40s [1/80]
[2026-09-05T18:59:01Z]   fetched 500 edits in 1.31s continue=20260905092159|2065594423
[2026-09-05T18:59:03Z]   fetched 500 edits in 1.26s continue=20260905091025|2065592973
[2026-09-05T18:59:05Z]   fetched 500 edits in 1.19s continue=20260905085745|2065591453
[2026-09-05T18:59:07Z]   fetched 500 edits in 1.19s continue=20260905084659|2065589971
[2026-09-05T18:59:09Z]   fetched 500 edits in 1.24s continue=20260905083543|2065588683
[2026-09-05T18:59:11Z]   fetched 500 edits in 1.27s continue=20260905082403|2065587157
[2026-09-05T18:59:13Z]   fetched 500 edits in 1.20s continue=20260905081210|2065584865
[2026-09-05T18:59:15Z]   fetched 500 edits in 1.21s continue=20260905080015|2065582317
[2026-09-05T18:59:17Z]   fetched 500 edits in 1.32s continue=20260905074939|2065580545
[2026-09-05T18:59:17Z] progress: 50000 edits, oldest=2026-09-05T07:49:41Z
[2026-09-05T18:59:18Z]   fetched 500 edits in 0.83s continue=20260905073851|2065578813
[2026-09-05T18:59:20Z]   429 rate-limited; honoring Retry-After=40s [1/80]
[2026-09-05T19:00:01Z]   fetched 500 edits in 1.02s continue=20260905072542|2065577459
[2026-09-05T19:00:02Z]   fetched 500 edits in 1.27s continue=20260905071538|2065575818
[2026-09-05T19:00:04Z]   fetched 500 edits in 1.23s continue=20260905070507|2065573430
[2026-09-05T19:00:06Z]   fetched 500 edits in 1.21s continue=20260905065449|2065571788
[2026-09-05T19:00:08Z]   fetched 500 edits in 1.19s continue=20260905064454|2065570305
[2026-09-05T19:00:11Z]   fetched 500 edits in 1.76s continue=20260905063423|2065568224
[2026-09-05T19:00:12Z]   fetched 500 edits in 1.36s continue=20260905062129|2065566009
[2026-09-05T19:00:14Z]   fetched 500 edits in 1.23s continue=20260905061201|2065564282
[2026-09-05T19:00:16Z]   fetched 500 edits in 1.19s continue=20260905060356|2065562627
[2026-09-05T19:00:18Z]   fetched 500 edits in 1.19s continue=20260905055339|2065560650
[2026-09-05T19:00:19Z]   429 rate-limited; honoring Retry-After=41s [1/80]
[2026-09-05T19:01:01Z]   fetched 500 edits in 1.20s continue=20260905054719|2065559288
[2026-09-05T19:01:03Z]   fetched 500 edits in 1.23s continue=20260905053922|2065557599
[2026-09-05T19:01:05Z]   fetched 500 edits in 1.27s continue=20260905052659|2065553239
[2026-09-05T19:01:07Z]   fetched 500 edits in 1.22s continue=20260905051710|2065550878
[2026-09-05T19:01:09Z]   fetched 500 edits in 1.21s continue=20260905051053|2065549141
[2026-09-05T19:01:11Z]   fetched 500 edits in 1.20s continue=20260905050510|2065547536
[2026-09-05T19:01:13Z]   fetched 500 edits in 1.18s continue=20260905045854|2065545640
[2026-09-05T19:01:15Z]   fetched 500 edits in 1.20s continue=20260905045345|2065543866
[2026-09-05T19:01:17Z]   fetched 500 edits in 1.26s continue=20260905044749|2065542055
[2026-09-05T19:01:19Z]   fetched 500 edits in 1.34s continue=20260905044157|2065540501
[2026-09-05T19:01:20Z]   429 rate-limited; honoring Retry-After=40s [1/80]
[2026-09-05T19:02:01Z]   fetched 500 edits in 1.25s continue=20260905043647|2065539142
[2026-09-05T19:02:03Z]   fetched 500 edits in 1.34s continue=20260905043158|2065537789
[2026-09-05T19:02:04Z]   fetched 500 edits in 1.19s continue=20260905042703|2065536485
[2026-09-05T19:02:06Z]   fetched 500 edits in 0.99s continue=20260905042150|2065535124
[2026-09-05T19:02:08Z]   fetched 500 edits in 1.17s continue=20260905041640|2065533692
[2026-09-05T19:02:10Z]   fetched 500 edits in 1.24s continue=20260905041139|2065532058
[2026-09-05T19:02:12Z]   fetched 500 edits in 1.21s continue=20260905040648|2065530503
[2026-09-05T19:02:14Z]   fetched 500 edits in 1.19s continue=20260905040219|2065528544
[2026-09-05T19:02:16Z]   fetched 500 edits in 1.24s continue=20260905035559|2065526901
[2026-09-05T19:02:19Z]   fetched 500 edits in 1.25s continue=20260905034830|2065525320
[2026-09-05T19:02:20Z]   429 rate-limited; honoring Retry-After=40s [1/80]
[2026-09-05T19:03:01Z]   fetched 500 edits in 1.37s continue=20260905034122|2065523925
[2026-09-05T19:03:03Z]   fetched 500 edits in 1.76s continue=20260905033502|2065522381
[2026-09-05T19:03:04Z]   fetched 500 edits in 1.21s continue=20260905032829|2065520609
[2026-09-05T19:03:06Z]   fetched 500 edits in 1.29s continue=20260905032254|2065518373
[2026-09-05T19:03:08Z]   fetched 500 edits in 1.31s continue=20260905031602|2065516360
[2026-09-05T19:03:10Z]   fetched 500 edits in 1.23s continue=20260905030958|2065514975
[2026-09-05T19:03:12Z]   fetched 500 edits in 1.18s continue=20260905030416|2065513390
[2026-09-05T19:03:14Z]   fetched 500 edits in 1.18s continue=20260905025712|2065511855
[2026-09-05T19:03:16Z]   fetched 500 edits in 1.19s continue=20260905025047|2065510596
[2026-09-05T19:03:18Z]   fetched 500 edits in 1.24s continue=20260905024446|2065509339
[2026-09-05T19:03:19Z]   429 rate-limited; honoring Retry-After=41s [1/80]
[2026-09-05T19:04:02Z]   fetched 500 edits in 1.32s continue=20260905023748|2065507904
[2026-09-05T19:04:03Z]   fetched 500 edits in 1.23s continue=20260905023126|2065506551
[2026-09-05T19:04:05Z]   fetched 500 edits in 1.25s continue=20260905022444|2065505060
[2026-09-05T19:04:07Z]   fetched 500 edits in 1.20s continue=20260905021734|2065503516
[2026-09-05T19:04:09Z]   fetched 500 edits in 1.15s continue=20260905021054|2065501854
[2026-09-05T19:04:11Z]   fetched 500 edits in 1.19s continue=20260905020415|2065499898
[2026-09-05T19:04:13Z]   fetched 500 edits in 1.20s continue=20260905015736|2065498274
[2026-09-05T19:04:15Z]   fetched 500 edits in 1.25s continue=20260905015215|2065496774
[2026-09-05T19:04:17Z]   fetched 500 edits in 1.13s continue=20260905014224|2065495222
[2026-09-05T19:04:17Z] progress: 75000 edits, oldest=2026-09-05T01:42:25Z
[2026-09-05T19:04:19Z]   fetched 500 edits in 1.28s continue=20260905013253|2065493840
[2026-09-05T19:04:20Z]   429 rate-limited; honoring Retry-After=40s [1/80]
[2026-09-05T19:05:01Z]   fetched 500 edits in 1.23s continue=20260905012443|2065492342
[2026-09-05T19:05:03Z]   fetched 500 edits in 1.23s continue=20260905011625|2065490710
[2026-09-05T19:05:05Z]   fetched 500 edits in 1.26s continue=20260905010804|2065488318
[2026-09-05T19:05:07Z]   fetched 500 edits in 1.24s continue=20260905005930|2065485497
[2026-09-05T19:05:09Z]   fetched 500 edits in 1.23s continue=20260905005137|2065483014
[2026-09-05T19:05:11Z]   fetched 500 edits in 1.09s continue=20260905004219|2065480179
[2026-09-05T19:05:13Z]   fetched 500 edits in 1.22s continue=20260905003423|2065477313
[2026-09-05T19:05:15Z]   fetched 500 edits in 1.18s continue=20260905002830|2065474868
[2026-09-05T19:05:17Z]   fetched 500 edits in 1.21s continue=20260905002213|2065472571
[2026-09-05T19:05:19Z]   fetched 500 edits in 1.36s continue=20260905001617|2065470469
[2026-09-05T19:05:20Z]   429 rate-limited; honoring Retry-After=40s [1/80]
[2026-09-05T19:06:01Z]   fetched 500 edits in 1.38s continue=20260905001055|2065468998
[2026-09-05T19:06:03Z]   fetched 500 edits in 1.33s continue=20260905000531|2065466643
[2026-09-05T19:06:04Z]   fetched 500 edits in 1.25s continue=20260904235930|2065464045
[2026-09-05T19:06:06Z]   fetched 500 edits in 1.23s continue=20260904235332|2065462125
[2026-09-05T19:06:09Z]   fetched 500 edits in 1.35s continue=20260904234517|2065458603
[2026-09-05T19:06:10Z]   fetched 500 edits in 1.23s continue=20260904233721|2065455691
[2026-09-05T19:06:12Z]   fetched 500 edits in 1.20s continue=20260904232843|2065452925
[2026-09-05T19:06:15Z]   fetched 500 edits in 1.26s continue=20260904232020|2065450271
[2026-09-05T19:06:17Z]   fetched 500 edits in 1.26s continue=20260904231318|2065448177
[2026-09-05T19:06:19Z]   fetched 500 edits in 1.28s continue=20260904230636|2065446484
[2026-09-05T19:06:20Z]   429 rate-limited; honoring Retry-After=40s [1/80]
[2026-09-05T19:07:01Z]   fetched 500 edits in 1.36s continue=20260904225845|2065444589
[2026-09-05T19:07:02Z]   fetched 500 edits in 0.83s continue=20260904225147|2065442631
[2026-09-05T19:07:04Z]   fetched 500 edits in 1.25s continue=20260904224432|2065440710
[2026-09-05T19:07:06Z]   fetched 500 edits in 1.21s continue=20260904223723|2065438434
[2026-09-05T19:07:08Z]   fetched 500 edits in 1.24s continue=20260904222922|2065436583
[2026-09-05T19:07:10Z]   fetched 500 edits in 1.20s continue=20260904222116|2065434709
[2026-09-05T19:07:12Z]   fetched 500 edits in 1.20s continue=20260904221339|2065432912
[2026-09-05T19:07:14Z]   fetched 500 edits in 0.79s continue=20260904220704|2065431050
[2026-09-05T19:07:16Z]   fetched 500 edits in 1.31s continue=20260904220057|2065429119
[2026-09-05T19:07:18Z]   fetched 500 edits in 1.15s continue=20260904215314|2065426235
[2026-09-05T19:07:19Z]   429 rate-limited; honoring Retry-After=41s [1/80]
[2026-09-05T19:08:02Z]   fetched 500 edits in 1.45s continue=20260904214502|2065423059
[2026-09-05T19:08:03Z]   fetched 500 edits in 1.32s continue=20260904213723|2065419958
[2026-09-05T19:08:05Z]   fetched 500 edits in 1.26s continue=20260904213053|2065417474
[2026-09-05T19:08:07Z]   fetched 500 edits in 1.28s continue=20260904212505|2065415457
[2026-09-05T19:08:09Z]   fetched 500 edits in 1.20s continue=20260904211920|2065413558
[2026-09-05T19:08:11Z]   fetched 500 edits in 1.17s continue=20260904211339|2065411806
[2026-09-05T19:08:13Z]   fetched 500 edits in 1.23s continue=20260904210616|2065410017
[2026-09-05T19:08:15Z]   fetched 500 edits in 1.22s continue=20260904205932|2065408019
[2026-09-05T19:08:17Z]   fetched 500 edits in 1.30s continue=20260904205239|2065405556
[2026-09-05T19:08:19Z]   fetched 500 edits in 1.22s continue=20260904204606|2065403538
[2026-09-05T19:08:20Z]   429 rate-limited; honoring Retry-After=40s [1/80]
[2026-09-05T19:09:02Z]   fetched 500 edits in 1.20s continue=20260904203919|2065401145
[2026-09-05T19:09:03Z]   fetched 500 edits in 1.19s continue=20260904203216|2065398856
[2026-09-05T19:09:05Z]   fetched 500 edits in 1.35s continue=20260904202552|2065396646
[2026-09-05T19:09:06Z]   fetched 500 edits in 0.89s continue=20260904201923|2065394084
[2026-09-05T19:09:09Z]   fetched 500 edits in 1.34s continue=20260904201341|2065391818
[2026-09-05T19:09:11Z]   fetched 500 edits in 1.00s continue=20260904200649|2065389957
[2026-09-05T19:09:13Z]   fetched 500 edits in 1.20s continue=20260904200031|2065388209
[2026-09-05T19:09:15Z]   fetched 500 edits in 1.22s continue=20260904195404|2065386322
[2026-09-05T19:09:17Z]   fetched 500 edits in 1.24s continue=20260904194558|2065384323
[2026-09-05T19:09:17Z] progress: 100000 edits, oldest=2026-09-04T19:45:59Z
[2026-09-05T19:09:19Z]   fetched 500 edits in 1.18s continue=20260904193846|2065382253
[2026-09-05T19:09:20Z]   429 rate-limited; honoring Retry-After=40s [1/80]
[2026-09-05T19:10:01Z]   fetched 500 edits in 1.20s continue=20260904193313|2065380423
[2026-09-05T19:10:02Z]   fetched 500 edits in 1.25s continue=20260904192735|2065378684
[2026-09-05T19:10:04Z]   fetched 500 edits in 1.23s continue=20260904192159|2065376158
[2026-09-05T19:10:06Z]   fetched 500 edits in 1.20s continue=20260904191548|2065373562
[2026-09-05T19:10:08Z]   fetched 500 edits in 1.23s continue=20260904190924|2065371383
[2026-09-05T19:10:10Z]   fetched 500 edits in 1.19s continue=20260904190403|2065369489
[2026-09-05T19:10:13Z]   fetched 500 edits in 2.10s continue=20260904185749|2065367378
[2026-09-05T19:10:15Z]   fetched 500 edits in 1.64s continue=20260904184957|2065365091
[2026-09-05T19:10:17Z]   fetched 500 edits in 1.29s continue=20260904184409|2065363127
[2026-09-05T19:10:19Z] resuming: n_records=105000 cursor=20260904184409|2065363127
[2026-09-05T19:10:20Z]   fetched 500 edits in 1.25s continue=20260904183644|2065361014
[2026-09-05T19:10:21Z]   429 rate-limited; honoring Retry-After=39s [1/80]
[2026-09-05T19:11:01Z]   fetched 500 edits in 0.92s continue=20260904182841|2065359141
[2026-09-05T19:11:02Z]   fetched 500 edits in 1.27s continue=20260904182213|2065357399
[2026-09-05T19:11:05Z]   fetched 500 edits in 1.30s continue=20260904181552|2065355699
[2026-09-05T19:11:07Z]   fetched 500 edits in 1.36s continue=20260904180933|2065353916
[2026-09-05T19:11:09Z]   fetched 500 edits in 1.28s continue=20260904180232|2065352234
[2026-09-05T19:11:11Z]   fetched 500 edits in 1.40s continue=20260904175523|2065350274
[2026-09-05T19:11:12Z]   fetched 500 edits in 1.21s continue=20260904174818|2065347941
[2026-09-05T19:11:15Z]   fetched 500 edits in 1.29s continue=20260904174103|2065345694
[2026-09-05T19:11:16Z]   fetched 500 edits in 1.20s continue=20260904173447|2065342881
[2026-09-05T19:11:18Z]   fetched 500 edits in 1.20s continue=20260904172812|2065340227
[2026-09-05T19:11:20Z]   429 rate-limited; honoring Retry-After=40s [1/80]
[2026-09-05T19:12:01Z]   fetched 500 edits in 1.29s continue=20260904172220|2065338306
[2026-09-05T19:12:02Z]   fetched 500 edits in 1.33s continue=20260904171550|2065336652
[2026-09-05T19:12:04Z]   fetched 500 edits in 1.20s continue=20260904170751|2065335239
[2026-09-05T19:12:06Z]   fetched 500 edits in 1.26s continue=20260904170032|2065333976
[2026-09-05T19:12:08Z]   fetched 500 edits in 1.29s continue=20260904165322|2065332712
[2026-09-05T19:12:10Z]   fetched 500 edits in 1.20s continue=20260904164714|2065330691
[2026-09-05T19:12:12Z]   fetched 500 edits in 1.17s continue=20260904164045|2065328172
[2026-09-05T19:12:14Z]   fetched 500 edits in 1.18s continue=20260904163359|2065325618
[2026-09-05T19:12:17Z]   fetched 500 edits in 1.70s continue=20260904162747|2065323616
[2026-09-05T19:12:18Z]   fetched 500 edits in 1.36s continue=20260904162208|2065321882
[2026-09-05T19:12:19Z]   429 rate-limited; honoring Retry-After=41s [1/80]
[2026-09-05T19:13:02Z]   fetched 500 edits in 1.30s continue=20260904161651|2065320184
[2026-09-05T19:13:03Z]   fetched 500 edits in 1.22s continue=20260904161114|2065318170
[2026-09-05T19:13:05Z]   fetched 500 edits in 1.27s continue=20260904160613|2065316466
[2026-09-05T19:13:07Z]   fetched 500 edits in 1.32s continue=20260904160039|2065314062
[2026-09-05T19:13:09Z]   fetched 500 edits in 1.17s continue=20260904155453|2065312001
[2026-09-05T19:13:11Z]   fetched 500 edits in 1.27s continue=20260904154841|2065309940
[2026-09-05T19:13:13Z]   fetched 500 edits in 1.34s continue=20260904154259|2065308120
[2026-09-05T19:13:15Z]   fetched 500 edits in 1.20s continue=20260904153805|2065306684
[2026-09-05T19:13:17Z]   fetched 500 edits in 1.17s continue=20260904153238|2065305116
[2026-09-05T19:13:19Z]   fetched 500 edits in 1.23s continue=20260904152650|2065303174
[2026-09-05T19:13:20Z]   429 rate-limited; honoring Retry-After=40s [1/80]
[2026-09-05T19:14:01Z]   fetched 500 edits in 1.19s continue=20260904152043|2065301004
[2026-09-05T19:14:03Z]   fetched 500 edits in 1.26s continue=20260904151455|2065299319
[2026-09-05T19:14:05Z]   fetched 500 edits in 1.32s continue=20260904150912|2065297471
[2026-09-05T19:14:07Z]   fetched 500 edits in 1.26s continue=20260904150319|2065296003
[2026-09-05T19:14:09Z]   fetched 500 edits in 1.31s continue=20260904145707|2065294381
[2026-09-05T19:14:11Z]   fetched 500 edits in 1.33s continue=20260904145037|2065292628
[2026-09-05T19:14:13Z]   fetched 500 edits in 1.15s continue=20260904144400|2065290696
[2026-09-05T19:14:15Z]   fetched 500 edits in 1.22s continue=20260904143708|2065288712
[2026-09-05T19:14:17Z]   fetched 500 edits in 1.30s continue=20260904143106|2065286951
[2026-09-05T19:14:17Z] progress: 125000 edits, oldest=2026-09-04T14:31:07Z
[2026-09-05T19:14:19Z]   fetched 500 edits in 1.28s continue=20260904142619|2065285215
[2026-09-05T19:14:20Z]   429 rate-limited; honoring Retry-After=40s [1/80]
[2026-09-05T19:15:01Z]   fetched 500 edits in 1.41s continue=20260904142203|2065283884
[2026-09-05T19:15:03Z]   fetched 500 edits in 1.32s continue=20260904141743|2065282265
[2026-09-05T19:15:04Z]   fetched 500 edits in 1.24s continue=20260904141322|2065280486
[2026-09-05T19:15:07Z]   fetched 500 edits in 1.36s continue=20260904140835|2065278199
[2026-09-05T19:15:09Z]   fetched 500 edits in 1.35s continue=20260904140344|2065276604
[2026-09-05T19:15:10Z]   fetched 500 edits in 1.21s continue=20260904135909|2065275060
[2026-09-05T19:15:13Z]   fetched 500 edits in 1.31s continue=20260904135444|2065273482
[2026-09-05T19:15:15Z]   fetched 500 edits in 1.27s continue=20260904135008|2065272026
[2026-09-05T19:15:17Z]   fetched 500 edits in 1.40s continue=20260904134540|2065270874
[2026-09-05T19:15:19Z]   fetched 500 edits in 1.30s continue=20260904134101|2065269648
[2026-09-05T19:15:20Z]   429 rate-limited; honoring Retry-After=40s [1/80]
[2026-09-05T19:16:01Z]   fetched 500 edits in 1.31s continue=20260904133603|2065268119
[2026-09-05T19:16:02Z]   fetched 500 edits in 1.28s continue=20260904133057|2065266358
[2026-09-05T19:16:04Z]   fetched 500 edits in 1.20s continue=20260904132645|2065264599
[2026-09-05T19:16:06Z]   fetched 500 edits in 1.22s continue=20260904132251|2065262886
[2026-09-05T19:16:08Z]   fetched 500 edits in 1.20s continue=20260904131809|2065260946
[2026-09-05T19:16:10Z]   fetched 500 edits in 1.23s continue=20260904131228|2065258768
[2026-09-05T19:16:12Z]   fetched 500 edits in 1.27s continue=20260904130701|2065256876
[2026-09-05T19:16:14Z]   fetched 500 edits in 1.25s continue=20260904130107|2065255462
[2026-09-05T19:16:16Z]   fetched 500 edits in 1.32s continue=20260904125522|2065253939
[2026-09-05T19:16:18Z]   fetched 500 edits in 1.27s continue=20260904124948|2065252245
[2026-09-05T19:16:19Z]   429 rate-limited; honoring Retry-After=41s [1/80]
[2026-09-05T19:17:02Z]   fetched 500 edits in 1.22s continue=20260904124550|2065250827
[2026-09-05T19:17:03Z]   fetched 500 edits in 1.22s continue=20260904124126|2065249169
[2026-09-05T19:17:05Z]   fetched 500 edits in 1.23s continue=20260904123551|2065247256
[2026-09-05T19:17:07Z]   fetched 500 edits in 1.19s continue=20260904123100|2065245450
[2026-09-05T19:17:09Z]   fetched 500 edits in 1.31s continue=20260904122536|2065242901
[2026-09-05T19:17:11Z]   fetched 500 edits in 1.28s continue=20260904122035|2065240324
[2026-09-05T19:17:13Z]   fetched 500 edits in 1.28s continue=20260904121514|2065238563
[2026-09-05T19:17:15Z]   fetched 500 edits in 1.33s continue=20260904121029|2065236800
[2026-09-05T19:17:17Z]   fetched 500 edits in 1.07s continue=20260904120459|2065235351
[2026-09-05T19:17:19Z]   fetched 500 edits in 1.32s continue=20260904115939|2065233642
[2026-09-05T19:17:20Z]   429 rate-limited; honoring Retry-After=40s [1/80]
[2026-09-05T19:18:01Z]   fetched 500 edits in 1.24s continue=20260904115406|2065232125
[2026-09-05T19:18:03Z]   fetched 500 edits in 1.29s continue=20260904114901|2065230645
[2026-09-05T19:18:05Z]   fetched 500 edits in 1.32s continue=20260904114301|2065229051
[2026-09-05T19:18:07Z]   fetched 500 edits in 1.36s continue=20260904113639|2065227080
[2026-09-05T19:18:09Z]   fetched 500 edits in 1.18s continue=20260904113013|2065225161
[2026-09-05T19:18:11Z]   fetched 500 edits in 1.27s continue=20260904112417|2065223525
[2026-09-05T19:18:13Z]   fetched 500 edits in 1.19s continue=20260904111751|2065221933
[2026-09-05T19:18:15Z]   fetched 500 edits in 1.23s continue=20260904111149|2065220558
[2026-09-05T19:18:16Z]   fetched 500 edits in 0.65s continue=20260904110505|2065218950
[2026-09-05T19:18:18Z]   fetched 500 edits in 0.81s continue=20260904105759|2065217122
[2026-09-05T19:18:20Z]   429 rate-limited; honoring Retry-After=40s [1/80]
[2026-09-05T19:19:02Z]   fetched 500 edits in 1.81s continue=20260904105142|2065215596
[2026-09-05T19:19:03Z]   fetched 500 edits in 1.24s continue=20260904104610|2065214090
[2026-09-05T19:19:05Z]   fetched 500 edits in 1.28s continue=20260904103955|2065212582
[2026-09-05T19:19:07Z]   fetched 500 edits in 1.18s continue=20260904103342|2065211297
[2026-09-05T19:19:09Z]   fetched 500 edits in 1.17s continue=20260904102716|2065209987
[2026-09-05T19:19:11Z]   fetched 500 edits in 1.25s continue=20260904102006|2065208807
[2026-09-05T19:19:13Z]   fetched 500 edits in 1.23s continue=20260904101328|2065207628
[2026-09-05T19:19:15Z]   fetched 500 edits in 1.17s continue=20260904100647|2065206496
[2026-09-05T19:19:17Z]   fetched 500 edits in 1.27s continue=20260904095922|2065205178
[2026-09-05T19:19:17Z] progress: 150000 edits, oldest=2026-09-04T09:59:23Z
[2026-09-05T19:19:19Z]   fetched 500 edits in 1.27s continue=20260904095222|2065203986
[2026-09-05T19:19:20Z]   429 rate-limited; honoring Retry-After=40s [1/80]
[2026-09-05T19:20:01Z]   fetched 500 edits in 1.29s continue=20260904094554|2065202863
[2026-09-05T19:20:03Z]   fetched 500 edits in 1.19s continue=20260904093922|2065201644
[2026-09-05T19:20:05Z]   fetched 500 edits in 1.35s continue=20260904093253|2065200486
[2026-09-05T19:20:07Z]   fetched 500 edits in 1.21s continue=20260904092636|2065199148
[2026-09-05T19:20:09Z]   fetched 500 edits in 1.33s continue=20260904092017|2065196936
[2026-09-05T19:20:11Z]   fetched 500 edits in 1.15s continue=20260904091333|2065195801
[2026-09-05T19:20:13Z]   fetched 500 edits in 1.42s continue=20260904090705|2065194506
[2026-09-05T19:20:15Z]   fetched 500 edits in 1.25s continue=20260904090038|2065192976
[2026-09-05T19:20:16Z]   fetched 500 edits in 0.89s continue=20260904085401|2065191382
[2026-09-05T19:20:19Z]   fetched 500 edits in 1.18s continue=20260904084732|2065189693
[2026-09-05T19:20:20Z]   429 rate-limited; honoring Retry-After=40s [1/80]
[2026-09-05T19:21:01Z]   fetched 500 edits in 1.22s continue=20260904084031|2065187944
[2026-09-05T19:21:03Z]   fetched 500 edits in 1.44s continue=20260904083329|2065186319
[2026-09-05T19:21:05Z]   fetched 500 edits in 1.24s continue=20260904082723|2065185062
[2026-09-05T19:21:07Z]   fetched 500 edits in 1.30s continue=20260904082053|2065183751
[2026-09-05T19:21:09Z]   fetched 500 edits in 1.24s continue=20260904081403|2065182320
[2026-09-05T19:21:11Z]   fetched 500 edits in 1.22s continue=20260904080754|2065180856
[2026-09-05T19:21:13Z]   fetched 500 edits in 1.21s continue=20260904080054|2065179427
[2026-09-05T19:21:15Z]   fetched 500 edits in 1.24s continue=20260904075417|2065178023
[2026-09-05T19:21:17Z]   fetched 500 edits in 1.20s continue=20260904074742|2065176689
[2026-09-05T19:21:19Z]   fetched 500 edits in 1.31s continue=20260904074055|2065175387
[2026-09-05T19:21:20Z]   429 rate-limited; honoring Retry-After=40s [1/80]
[2026-09-05T19:22:01Z]   fetched 500 edits in 1.22s continue=20260904073423|2065174040
[2026-09-05T19:22:02Z]   fetched 500 edits in 1.22s continue=20260904072757|2065172785
[2026-09-05T19:22:05Z]   fetched 500 edits in 1.38s continue=20260904072159|2065171586
[2026-09-05T19:22:06Z]   fetched 500 edits in 1.21s continue=20260904071621|2065170270
[2026-09-05T19:22:08Z]   fetched 500 edits in 1.14s continue=20260904071020|2065168869
[2026-09-05T19:22:10Z]   fetched 500 edits in 1.21s continue=20260904070347|2065167532
[2026-09-05T19:22:12Z]   fetched 500 edits in 1.24s continue=20260904065743|2065166200
[2026-09-05T19:22:15Z]   fetched 500 edits in 1.36s continue=20260904065152|2065164804
[2026-09-05T19:22:16Z]   fetched 500 edits in 1.18s continue=20260904064537|2065163521
[2026-09-05T19:22:19Z]   fetched 500 edits in 1.36s continue=20260904064003|2065162177
[2026-09-05T19:22:20Z]   429 rate-limited; honoring Retry-After=41s [1/80]
[2026-09-05T19:23:01Z]   fetched 500 edits in 0.94s continue=20260904063337|2065160773
[2026-09-05T19:23:03Z]   fetched 500 edits in 1.25s continue=20260904062652|2065159435
[2026-09-05T19:23:05Z]   fetched 500 edits in 1.18s continue=20260904062010|2065158008
[2026-09-05T19:23:07Z]   fetched 500 edits in 1.18s continue=20260904061332|2065156596
[2026-09-05T19:23:09Z]   fetched 500 edits in 1.22s continue=20260904060651|2065155363
[2026-09-05T19:23:11Z]   fetched 500 edits in 1.06s continue=20260904060156|2065153671
[2026-09-05T19:23:13Z]   fetched 500 edits in 1.18s continue=20260904055754|2065151925
[2026-09-05T19:23:15Z]   fetched 500 edits in 1.24s continue=20260904055354|2065149740
[2026-09-05T19:23:17Z]   fetched 500 edits in 1.27s continue=20260904054928|2065147455
[2026-09-05T19:23:19Z]   fetched 500 edits in 1.32s continue=20260904054543|2065145794
[2026-09-05T19:23:20Z]   429 rate-limited; honoring Retry-After=40s [1/80]
[2026-09-05T19:24:01Z]   fetched 500 edits in 1.34s continue=20260904054209|2065144326
[2026-09-05T19:24:02Z]   fetched 500 edits in 1.18s continue=20260904053832|2065142557
[2026-09-05T19:24:04Z]   fetched 500 edits in 1.03s continue=20260904053453|2065140932
[2026-09-05T19:24:06Z]   fetched 500 edits in 1.17s continue=20260904053110|2065139462
[2026-09-05T19:24:09Z]   fetched 500 edits in 1.33s continue=20260904052718|2065138082
[2026-09-05T19:24:11Z]   fetched 500 edits in 1.28s continue=20260904052324|2065136692
[2026-09-05T19:24:13Z]   fetched 500 edits in 1.33s continue=20260904051817|2065135056
[2026-09-05T19:24:15Z]   fetched 500 edits in 1.24s continue=20260904051244|2065133527
[2026-09-05T19:24:17Z]   fetched 500 edits in 1.26s continue=20260904050741|2065132153
[2026-09-05T19:24:17Z] progress: 175000 edits, oldest=2026-09-04T05:07:42Z
[2026-09-05T19:24:19Z]   fetched 500 edits in 1.30s continue=20260904050318|2065130575
[2026-09-05T19:24:20Z]   429 rate-limited; honoring Retry-After=40s [1/80]
[2026-09-05T19:25:01Z]   fetched 500 edits in 1.29s continue=20260904045845|2065129038
[2026-09-05T19:25:02Z]   fetched 500 edits in 1.31s continue=20260904045240|2065127541
[2026-09-05T19:25:04Z]   fetched 500 edits in 1.34s continue=20260904044636|2065125957
[2026-09-05T19:25:06Z]   fetched 500 edits in 1.31s continue=20260904044240|2065124581
[2026-09-05T19:25:08Z]   fetched 500 edits in 0.92s continue=20260904043839|2065123143
[2026-09-05T19:25:10Z]   fetched 500 edits in 1.29s continue=20260904043445|2065121676
[2026-09-05T19:25:12Z]   fetched 500 edits in 1.11s continue=20260904043051|2065120111
[2026-09-05T19:25:14Z]   fetched 500 edits in 1.30s continue=20260904042652|2065118426
[2026-09-05T19:25:16Z]   fetched 500 edits in 1.41s continue=20260904042244|2065116730
[2026-09-05T19:25:18Z]   fetched 500 edits in 0.70s continue=20260904041805|2065114898
[2026-09-05T19:25:19Z]   429 rate-limited; honoring Retry-After=41s [1/80]
[2026-09-05T19:26:02Z]   fetched 500 edits in 1.16s continue=20260904041329|2065113191
[2026-09-05T19:26:03Z]   fetched 500 edits in 1.15s continue=20260904040905|2065111292
[2026-09-05T19:26:05Z]   fetched 500 edits in 1.28s continue=20260904040429|2065109320
[2026-09-05T19:26:07Z]   fetched 500 edits in 1.35s continue=20260904035944|2065107341
[2026-09-05T19:26:09Z]   fetched 500 edits in 1.37s continue=20260904035458|2065105407
[2026-09-05T19:26:11Z]   fetched 500 edits in 1.31s continue=20260904035010|2065103699
[2026-09-05T19:26:13Z]   fetched 500 edits in 1.34s continue=20260904034546|2065102258
[2026-09-05T19:26:15Z]   fetched 500 edits in 1.24s continue=20260904034031|2065100539
[2026-09-05T19:26:17Z]   fetched 500 edits in 1.31s continue=20260904033608|2065098570
[2026-09-05T19:26:19Z]   fetched 500 edits in 1.09s continue=20260904033137|2065096838
[2026-09-05T19:26:20Z]   429 rate-limited; honoring Retry-After=40s [1/80]
[2026-09-05T19:27:01Z]   fetched 500 edits in 1.36s continue=20260904032634|2065093706
[2026-09-05T19:27:03Z]   fetched 500 edits in 1.34s continue=20260904032016|2065090086
[2026-09-05T19:27:05Z]   fetched 500 edits in 1.17s continue=20260904031619|2065087817
[2026-09-05T19:27:07Z]   fetched 500 edits in 1.12s continue=20260904031101|2065086083
[2026-09-05T19:27:09Z]   fetched 500 edits in 1.32s continue=20260904030141|2065084192
[2026-09-05T19:27:11Z]   fetched 500 edits in 1.29s continue=20260904025026|2065083109
[2026-09-05T19:27:13Z]   fetched 500 edits in 1.33s continue=20260904023955|2065081768
[2026-09-05T19:27:15Z]   fetched 500 edits in 1.36s continue=20260904023124|2065080411
[2026-09-05T19:27:17Z]   fetched 500 edits in 1.29s continue=20260904022447|2065079069
[2026-09-05T19:27:19Z]   fetched 500 edits in 1.36s continue=20260904021842|2065077502
[2026-09-05T19:27:20Z]   429 rate-limited; honoring Retry-After=40s [1/80]
[2026-09-05T19:28:01Z]   fetched 500 edits in 1.18s continue=20260904021245|2065075692
[2026-09-05T19:28:02Z]   fetched 500 edits in 1.20s continue=20260904020647|2065074141
[2026-09-05T19:28:04Z]   fetched 500 edits in 1.20s continue=20260904020054|2065072579
[2026-09-05T19:28:06Z]   fetched 500 edits in 1.19s continue=20260904015550|2065071300
[2026-09-05T19:28:08Z]   fetched 500 edits in 1.22s continue=20260904015035|2065069899
[2026-09-05T19:28:10Z]   fetched 500 edits in 1.27s continue=20260904014542|2065068657
[2026-09-05T19:28:12Z]   fetched 500 edits in 1.23s continue=20260904013959|2065066163
[2026-09-05T19:28:14Z]   fetched 500 edits in 1.22s continue=20260904013522|2065063986
[2026-09-05T19:28:16Z]   fetched 500 edits in 1.25s continue=20260904013044|2065061839
[2026-09-05T19:28:18Z]   fetched 500 edits in 1.21s continue=20260904012539|2065059367
[2026-09-05T19:28:19Z]   429 rate-limited; honoring Retry-After=41s [1/80]
[2026-09-05T19:29:02Z]   fetched 500 edits in 1.21s continue=20260904011808|2065056735
[2026-09-05T19:29:03Z]   fetched 500 edits in 1.16s continue=20260904011045|2065054338
[2026-09-05T19:29:05Z]   fetched 500 edits in 1.24s continue=20260904010425|2065052648
[2026-09-05T19:29:07Z]   fetched 500 edits in 1.23s continue=20260904005800|2065051351
[2026-09-05T19:29:09Z]   fetched 500 edits in 1.18s continue=20260904005139|2065050046
[2026-09-05T19:29:11Z]   fetched 500 edits in 1.21s continue=20260904004432|2065047903
[2026-09-05T19:29:13Z]   fetched 500 edits in 1.21s continue=20260904003918|2065045904
[2026-09-05T19:29:15Z]   fetched 500 edits in 1.20s continue=20260904003345|2065043939
[2026-09-05T19:29:17Z]   fetched 500 edits in 1.23s continue=20260904002723|2065041947
[2026-09-05T19:29:17Z] progress: 200000 edits, oldest=2026-09-04T00:27:23Z
[2026-09-05T19:29:19Z]   fetched 500 edits in 1.17s continue=20260904002052|2065040062
[2026-09-05T19:29:20Z]   429 rate-limited; honoring Retry-After=40s [1/80]
[2026-09-05T19:30:01Z]   fetched 500 edits in 1.24s continue=20260904001452|2065038201
[2026-09-05T19:30:03Z]   fetched 500 edits in 1.28s continue=20260904000925|2065036417
[2026-09-05T19:30:05Z]   fetched 500 edits in 1.23s continue=20260904000359|2065034418
[2026-09-05T19:30:07Z]   fetched 500 edits in 1.15s continue=20260903235821|2065032061
[2026-09-05T19:30:09Z]   fetched 500 edits in 1.22s continue=20260903235208|2065030251
[2026-09-05T19:30:11Z]   fetched 500 edits in 1.22s continue=20260903234534|2065028081
[2026-09-05T19:30:13Z]   fetched 500 edits in 1.20s continue=20260903233957|2065026501
[2026-09-05T19:30:15Z]   fetched 500 edits in 1.27s continue=20260903233404|2065025073
[2026-09-05T19:30:17Z]   fetched 500 edits in 1.19s continue=20260903232805|2065023809
[2026-09-05T19:30:19Z]   fetched 500 edits in 1.17s continue=20260903232223|2065022146
[2026-09-05T19:30:20Z]   429 rate-limited; honoring Retry-After=40s [1/80]
[2026-09-05T19:31:01Z]   fetched 500 edits in 1.28s continue=20260903231448|2065020327
[2026-09-05T19:31:02Z]   fetched 500 edits in 1.21s continue=20260903230745|2065018886
[2026-09-05T19:31:04Z]   fetched 500 edits in 1.23s continue=20260903230133|2065017525
[2026-09-05T19:31:06Z]   fetched 500 edits in 1.27s continue=20260903225405|2065016293
[2026-09-05T19:31:08Z]   fetched 500 edits in 1.18s continue=20260903224612|2065014886
[2026-09-05T19:31:10Z]   fetched 500 edits in 1.30s continue=20260903223936|2065013638
[2026-09-05T19:31:12Z]   fetched 500 edits in 1.23s continue=20260903223246|2065012439
[2026-09-05T19:31:14Z]   fetched 500 edits in 1.11s continue=20260903222443|2065011057
[2026-09-05T19:31:16Z]   fetched 500 edits in 1.20s continue=20260903221719|2065009449
[2026-09-05T19:31:18Z]   fetched 500 edits in 1.20s continue=20260903221027|2065008046
[2026-09-05T19:31:19Z]   429 rate-limited; honoring Retry-After=41s [1/80]
[2026-09-05T19:32:02Z]   fetched 500 edits in 1.23s continue=20260903220348|2065006794
[2026-09-05T19:32:03Z]   fetched 500 edits in 1.27s continue=20260903215607|2065005312
[2026-09-05T19:32:05Z]   fetched 500 edits in 1.21s continue=20260903215027|2065003867
[2026-09-05T19:32:07Z]   fetched 500 edits in 1.21s continue=20260903214531|2065002148
[2026-09-05T19:32:09Z]   fetched 500 edits in 1.21s continue=20260903214004|2065000600
[2026-09-05T19:32:11Z]   fetched 500 edits in 1.23s continue=20260903213545|2064999247
[2026-09-05T19:32:13Z]   fetched 500 edits in 1.23s continue=20260903213107|2064997703
[2026-09-05T19:32:15Z]   fetched 500 edits in 1.27s continue=20260903212636|2064996356
[2026-09-05T19:32:17Z]   fetched 500 edits in 1.21s continue=20260903212147|2064994770
[2026-09-05T19:32:19Z]   fetched 500 edits in 1.15s continue=20260903211727|2064993444
[2026-09-05T19:32:20Z]   429 rate-limited; honoring Retry-After=40s [1/80]
[2026-09-05T19:33:01Z]   fetched 500 edits in 1.16s continue=20260903211321|2064992146
[2026-09-05T19:33:03Z]   fetched 500 edits in 1.23s continue=20260903210810|2064990936
[2026-09-05T19:33:05Z]   fetched 500 edits in 1.24s continue=20260903210304|2064989664
[2026-09-05T19:33:07Z]   fetched 500 edits in 1.22s continue=20260903205733|2064988299
[2026-09-05T19:33:08Z]   fetched 500 edits in 1.18s continue=20260903205146|2064986914
[2026-09-05T19:33:11Z]   fetched 500 edits in 1.22s continue=20260903204547|2064985578
[2026-09-05T19:33:13Z]   fetched 500 edits in 1.17s continue=20260903204021|2064984244
[2026-09-05T19:33:15Z]   fetched 500 edits in 1.19s continue=20260903203516|2064982842
[2026-09-05T19:33:17Z]   fetched 500 edits in 1.17s continue=20260903202910|2064981272
[2026-09-05T19:33:19Z]   fetched 500 edits in 1.22s continue=20260903202337|2064979743
[2026-09-05T19:33:20Z]   429 rate-limited; honoring Retry-After=40s [1/80]
[2026-09-05T19:34:01Z]   fetched 500 edits in 1.20s continue=20260903201612|2064978387
[2026-09-05T19:34:03Z]   fetched 500 edits in 1.63s continue=20260903200931|2064977048
[2026-09-05T19:34:04Z]   fetched 500 edits in 1.23s continue=20260903200243|2064975623
[2026-09-05T19:34:06Z]   fetched 500 edits in 1.21s continue=20260903195513|2064974209
[2026-09-05T19:34:08Z]   fetched 500 edits in 1.24s continue=20260903194829|2064972652
[2026-09-05T19:34:10Z]   fetched 500 edits in 1.23s continue=20260903194115|2064970888
[2026-09-05T19:34:12Z]   fetched 500 edits in 1.19s continue=20260903193415|2064969626
[2026-09-05T19:34:14Z]   fetched 500 edits in 1.16s continue=20260903192625|2064967998
[2026-09-05T19:34:16Z]   fetched 500 edits in 1.17s continue=20260903191902|2064966217
[2026-09-05T19:34:16Z] progress: 225000 edits, oldest=2026-09-03T19:19:05Z
[2026-09-05T19:34:18Z]   fetched 500 edits in 1.18s continue=20260903191227|2064964782
[2026-09-05T19:34:19Z]   429 rate-limited; honoring Retry-After=41s [1/80]
[2026-09-05T19:35:02Z]   fetched 500 edits in 1.23s continue=20260903190553|2064963210
[2026-09-05T19:35:03Z]   fetched 500 edits in 1.20s continue=20260903185925|2064961348
[2026-09-05T19:35:05Z]   fetched 500 edits in 1.23s continue=20260903185254|2064959748
[2026-09-05T19:35:07Z]   fetched 394 edits in 1.15s (END)
[2026-09-05T19:35:07Z] finalized raw_enwiki_ns0_48h.json.gz: 227394 edits
[2026-09-05T19:35:07Z] DONE: 227394 edits, window [2026-09-03T18:48:26Z .. 2026-09-05T18:48:26Z], truncated=False
